../Core/Src/main.c:144:5:main	8	static
../Core/Src/main.c:257:6:SystemClock_Config	88	static
../Core/Src/main.c:304:13:MX_ADC1_Init	24	static
../Core/Src/main.c:351:13:MX_I2C1_Init	8	static
../Core/Src/main.c:385:13:MX_SPI1_Init	8	static
../Core/Src/main.c:423:13:MX_TIM2_Init	32	static
../Core/Src/main.c:468:13:MX_TIM3_Init	32	static
../Core/Src/main.c:513:13:MX_GPIO_Init	40	static
../Core/Src/main.c:535:6:map	24	static
../Core/Src/main.c:555:6:StartIluminanciaTask	24	static
../Core/Src/main.c:584:6:StartEnvioTask	24	static
../Core/Src/main.c:628:6:StartUmidadeTask	24	static
../Core/Src/main.c:658:6:StartTemperaturaTask	16	static
../Core/Src/main.c:687:6:HAL_TIM_PeriodElapsedCallback	24	static
../Core/Src/main.c:722:6:Error_Handler	4	static,ignoring_inline_asm
